{"level":"\u001b[33mwarn\u001b[39m","message":"\u001b[33mNo encryption key found in environment, generating new key\u001b[39m","timestamp":"2025-11-10 10:01:15:115"}
{"level":"\u001b[32minfo\u001b[39m","message":"\u001b[32mGenerated encryption key: a200c9b807fa27d7da1d43cae51beb76aa6281d982d76443a1bb42e0a9fb18dc\u001b[39m","timestamp":"2025-11-10 10:01:15:115"}
{"level":"\u001b[32minfo\u001b[39m","message":"\u001b[32m🏥 Hospital Federated Learning Backend started on port 3000\u001b[39m","timestamp":"2025-11-10 10:01:16:116"}
{"level":"\u001b[32minfo\u001b[39m","message":"\u001b[32m🌐 Hospital ID: 4\u001b[39m","timestamp":"2025-11-10 10:01:16:116"}
{"level":"\u001b[32minfo\u001b[39m","message":"\u001b[32m📊 Environment: development\u001b[39m","timestamp":"2025-11-10 10:01:16:116"}
{"level":"\u001b[32minfo\u001b[39m","message":"\u001b[32m🔗 Health check: http://localhost:3000/health\u001b[39m","timestamp":"2025-11-10 10:01:16:116"}
{"level":"\u001b[32minfo\u001b[39m","message":"\u001b[32m✓ IPFS connection closed\u001b[39m","timestamp":"2025-11-10 10:02:49:249"}
{"level":"\u001b[33mwarn\u001b[39m","message":"\u001b[33mNo encryption key found in environment, generating new key\u001b[39m","timestamp":"2025-11-10 13:36:59:3659"}
{"level":"\u001b[32minfo\u001b[39m","message":"\u001b[32mGenerated encryption key: 99af40fbfd5bedd8c296161910316662b31e8cbcaa1cc0c1a3f1f3fd4f1d3c62\u001b[39m","timestamp":"2025-11-10 13:36:59:3659"}
{"level":"\u001b[32minfo\u001b[39m","message":"\u001b[32m🏥 Hospital Federated Learning Backend started on port 3000\u001b[39m","timestamp":"2025-11-10 13:36:59:3659"}
{"level":"\u001b[32minfo\u001b[39m","message":"\u001b[32m🌐 Hospital ID: 4\u001b[39m","timestamp":"2025-11-10 13:36:59:3659"}
{"level":"\u001b[32minfo\u001b[39m","message":"\u001b[32m📊 Environment: development\u001b[39m","timestamp":"2025-11-10 13:36:59:3659"}
{"level":"\u001b[32minfo\u001b[39m","message":"\u001b[32m🔗 Health check: http://localhost:3000/health\u001b[39m","timestamp":"2025-11-10 13:36:59:3659"}
{"level":"\u001b[32minfo\u001b[39m","message":"\u001b[32m✓ IPFS connection closed\u001b[39m","timestamp":"2025-11-10 13:38:21:3821"}
{"level":"\u001b[33mwarn\u001b[39m","message":"\u001b[33mNo encryption key found in environment, generating new key\u001b[39m","timestamp":"2025-11-10 13:38:22:3822"}
{"level":"\u001b[32minfo\u001b[39m","message":"\u001b[32mGenerated encryption key: 60ae8d12462b393d5de6acf799b312664ce24ad1fd407a7dcb529a61318f12f5\u001b[39m","timestamp":"2025-11-10 13:38:22:3822"}
{"level":"\u001b[32minfo\u001b[39m","message":"\u001b[32m🏥 Hospital Federated Learning Backend started on port 3000\u001b[39m","timestamp":"2025-11-10 13:38:23:3823"}
{"level":"\u001b[32minfo\u001b[39m","message":"\u001b[32m🌐 Hospital ID: 4\u001b[39m","timestamp":"2025-11-10 13:38:23:3823"}
{"level":"\u001b[32minfo\u001b[39m","message":"\u001b[32m📊 Environment: development\u001b[39m","timestamp":"2025-11-10 13:38:23:3823"}
{"level":"\u001b[32minfo\u001b[39m","message":"\u001b[32m🔗 Health check: http://localhost:3000/health\u001b[39m","timestamp":"2025-11-10 13:38:23:3823"}
{"level":"\u001b[32minfo\u001b[39m","message":"\u001b[32m✓ IPFS connection closed\u001b[39m","timestamp":"2025-11-10 13:57:25:5725"}
{"level":"\u001b[33mwarn\u001b[39m","message":"\u001b[33mNo encryption key found in environment, generating new key\u001b[39m","timestamp":"2025-11-10 13:57:27:5727"}
{"level":"\u001b[32minfo\u001b[39m","message":"\u001b[32mGenerated encryption key: 5107ba00e6efccbb56ffaaa336302029c2aa2a697c379147c15751c9746f0899\u001b[39m","timestamp":"2025-11-10 13:57:27:5727"}
{"level":"\u001b[32minfo\u001b[39m","message":"\u001b[32m🏥 Hospital Federated Learning Backend started on port 3000\u001b[39m","timestamp":"2025-11-10 13:57:27:5727"}
{"level":"\u001b[32minfo\u001b[39m","message":"\u001b[32m🌐 Hospital ID: 4\u001b[39m","timestamp":"2025-11-10 13:57:27:5727"}
{"level":"\u001b[32minfo\u001b[39m","message":"\u001b[32m📊 Environment: development\u001b[39m","timestamp":"2025-11-10 13:57:27:5727"}
{"level":"\u001b[32minfo\u001b[39m","message":"\u001b[32m🔗 Health check: http://localhost:3000/health\u001b[39m","timestamp":"2025-11-10 13:57:27:5727"}
{"level":"\u001b[32minfo\u001b[39m","message":"\u001b[32mProcessing new patient upload\u001b[39m","timestamp":"2025-11-10 14:26:33:2633"}
{"level":"\u001b[31merror\u001b[39m","message":"\u001b[31mError processing patient upload: Unexpected token 's', \"string\" is not valid JSON\u001b[39m","stack":"SyntaxError: Unexpected token 's', \"string\" is not valid JSON\n    at JSON.parse (<anonymous>)\n    at /home/hs32/Documents/Projects/thesis/blockchain-federated-learning/hospital-backend/src/routes/patients.js:58:27\n    at Layer.handle [as handle_request] (/home/hs32/Documents/Projects/thesis/blockchain-federated-learning/hospital-backend/node_modules/express/lib/router/layer.js:95:5)\n    at next (/home/hs32/Documents/Projects/thesis/blockchain-federated-learning/hospital-backend/node_modules/express/lib/router/route.js:149:13)\n    at done (/home/hs32/Documents/Projects/thesis/blockchain-federated-learning/hospital-backend/node_modules/multer/lib/make-middleware.js:47:7)\n    at indicateDone (/home/hs32/Documents/Projects/thesis/blockchain-federated-learning/hospital-backend/node_modules/multer/lib/make-middleware.js:51:68)\n    at /home/hs32/Documents/Projects/thesis/blockchain-federated-learning/hospital-backend/node_modules/multer/lib/make-middleware.js:157:11\n    at WriteStream.<anonymous> (/home/hs32/Documents/Projects/thesis/blockchain-federated-learning/hospital-backend/node_modules/multer/storage/disk.js:43:9)\n    at WriteStream.emit (node:events:520:35)\n    at finish (node:internal/streams/writable:953:10)","timestamp":"2025-11-10 14:26:33:2633"}
{"level":"\u001b[32minfo\u001b[39m","message":"\u001b[32mProcessing new patient upload\u001b[39m","timestamp":"2025-11-10 14:26:50:2650"}
{"level":"\u001b[32minfo\u001b[39m","message":"\u001b[32mEncrypting file: /home/hs32/Documents/Projects/thesis/blockchain-federated-learning/hospital-backend/uploads/patients/xray-1762763210056-409092776.png\u001b[39m","timestamp":"2025-11-10 14:26:50:2650"}
{"level":"\u001b[31merror\u001b[39m","message":"\u001b[31mFailed to encrypt file /home/hs32/Documents/Projects/thesis/blockchain-federated-learning/hospital-backend/uploads/patients/xray-1762763210056-409092776.png: crypto.createCipher is not a function\u001b[39m","stack":"TypeError: crypto.createCipher is not a function\n    at EncryptionService.encryptFile (/home/hs32/Documents/Projects/thesis/blockchain-federated-learning/hospital-backend/src/services/encryption.js:41:29)\n    at async processPatientFiles (/home/hs32/Documents/Projects/thesis/blockchain-federated-learning/hospital-backend/src/routes/patients.js:245:31)\n    at async /home/hs32/Documents/Projects/thesis/blockchain-federated-learning/hospital-backend/src/routes/patients.js:64:27","timestamp":"2025-11-10 14:26:50:2650"}
{"level":"\u001b[31merror\u001b[39m","message":"\u001b[31mError processing patient upload: File encryption failed: crypto.createCipher is not a function\u001b[39m","stack":"Error: File encryption failed: crypto.createCipher is not a function\n    at EncryptionService.encryptFile (/home/hs32/Documents/Projects/thesis/blockchain-federated-learning/hospital-backend/src/services/encryption.js:74:13)\n    at async processPatientFiles (/home/hs32/Documents/Projects/thesis/blockchain-federated-learning/hospital-backend/src/routes/patients.js:245:31)\n    at async /home/hs32/Documents/Projects/thesis/blockchain-federated-learning/hospital-backend/src/routes/patients.js:64:27","timestamp":"2025-11-10 14:26:50:2650"}
{"level":"\u001b[32minfo\u001b[39m","message":"\u001b[32mProcessing new patient upload\u001b[39m","timestamp":"2025-11-10 14:27:00:270"}
{"level":"\u001b[32minfo\u001b[39m","message":"\u001b[32mEncrypting file: /home/hs32/Documents/Projects/thesis/blockchain-federated-learning/hospital-backend/uploads/patients/xray-1762763220219-375642570.png\u001b[39m","timestamp":"2025-11-10 14:27:00:270"}
{"level":"\u001b[31merror\u001b[39m","message":"\u001b[31mFailed to encrypt file /home/hs32/Documents/Projects/thesis/blockchain-federated-learning/hospital-backend/uploads/patients/xray-1762763220219-375642570.png: crypto.createCipher is not a function\u001b[39m","stack":"TypeError: crypto.createCipher is not a function\n    at EncryptionService.encryptFile (/home/hs32/Documents/Projects/thesis/blockchain-federated-learning/hospital-backend/src/services/encryption.js:41:29)\n    at async processPatientFiles (/home/hs32/Documents/Projects/thesis/blockchain-federated-learning/hospital-backend/src/routes/patients.js:245:31)\n    at async /home/hs32/Documents/Projects/thesis/blockchain-federated-learning/hospital-backend/src/routes/patients.js:64:27","timestamp":"2025-11-10 14:27:00:270"}
{"level":"\u001b[31merror\u001b[39m","message":"\u001b[31mError processing patient upload: File encryption failed: crypto.createCipher is not a function\u001b[39m","stack":"Error: File encryption failed: crypto.createCipher is not a function\n    at EncryptionService.encryptFile (/home/hs32/Documents/Projects/thesis/blockchain-federated-learning/hospital-backend/src/services/encryption.js:74:13)\n    at async processPatientFiles (/home/hs32/Documents/Projects/thesis/blockchain-federated-learning/hospital-backend/src/routes/patients.js:245:31)\n    at async /home/hs32/Documents/Projects/thesis/blockchain-federated-learning/hospital-backend/src/routes/patients.js:64:27","timestamp":"2025-11-10 14:27:00:270"}
{"level":"\u001b[32minfo\u001b[39m","message":"\u001b[32m✓ IPFS connection closed\u001b[39m","timestamp":"2025-11-10 21:46:20:4620"}
{"level":"\u001b[33mwarn\u001b[39m","message":"\u001b[33mNo encryption key found in environment, generating new key\u001b[39m","timestamp":"2025-11-10 21:48:58:4858"}
{"level":"\u001b[32minfo\u001b[39m","message":"\u001b[32mGenerated encryption key: 8e0583cd3153cbcad4ce4f496ac1bd103653d21bb3c8ee86645d429940e6b669\u001b[39m","timestamp":"2025-11-10 21:48:58:4858"}
{"level":"\u001b[32minfo\u001b[39m","message":"\u001b[32m🏥 Hospital Federated Learning Backend started on port 3000\u001b[39m","timestamp":"2025-11-10 21:48:58:4858"}
{"level":"\u001b[32minfo\u001b[39m","message":"\u001b[32m🌐 Hospital ID: 4\u001b[39m","timestamp":"2025-11-10 21:48:58:4858"}
{"level":"\u001b[32minfo\u001b[39m","message":"\u001b[32m📊 Environment: development\u001b[39m","timestamp":"2025-11-10 21:48:58:4858"}
{"level":"\u001b[32minfo\u001b[39m","message":"\u001b[32m🔗 Health check: http://localhost:3000/health\u001b[39m","timestamp":"2025-11-10 21:48:58:4858"}
{"level":"\u001b[32minfo\u001b[39m","message":"\u001b[32mProcessing new patient upload\u001b[39m","timestamp":"2025-11-10 21:50:03:503"}
